Archive member included to satisfy reference by file (symbol)

C:/avr-toolchain/bin/../lib/gcc/avr/15.1.0/avr5\libgcc.a(_umulhisi3.o)
                              C:\HTI\3rd term mechatronics\NTI\DAY 16\Ebedded Projekt\release\HAL\LDR\LDR_Program.c.o (__umulhisi3)
C:/avr-toolchain/bin/../lib/gcc/avr/15.1.0/avr5\libgcc.a(_udivmodsi4.o)
                              C:\HTI\3rd term mechatronics\NTI\DAY 16\Ebedded Projekt\release\HAL\LM35\LM35_Program.c.o (__udivmodsi4)
C:/avr-toolchain/bin/../lib/gcc/avr/15.1.0/avr5\libgcc.a(_exit.o)
                              C:/avr-toolchain/bin/../lib/gcc/avr/15.1.0/../../../../avr/lib/avr5/crtatmega32.o (exit)
C:/avr-toolchain/bin/../lib/gcc/avr/15.1.0/avr5\libgcc.a(_tablejump2.o)
                              C:\HTI\3rd term mechatronics\NTI\DAY 16\Ebedded Projekt\release\MCAL\UART\UART_PROGRAM.c.o (__tablejump2__)
C:/avr-toolchain/bin/../lib/gcc/avr/15.1.0/avr5\libgcc.a(_copy_data.o)
                              C:\HTI\3rd term mechatronics\NTI\DAY 16\Ebedded Projekt\release\APP\UART_Handler\UART_Handler_Program.c.o (__do_copy_data)
C:/avr-toolchain/bin/../lib/gcc/avr/15.1.0/avr5\libgcc.a(_clear_bss.o)
                              C:\HTI\3rd term mechatronics\NTI\DAY 16\Ebedded Projekt\release\APP\AlarmManager\AlarmManager_Program.c.o (__do_clear_bss)
C:/avr-toolchain/bin/../lib/gcc/avr/15.1.0/../../../../avr/lib/avr5\libc.a(strcmp.o)
                              C:\HTI\3rd term mechatronics\NTI\DAY 16\Ebedded Projekt\release\APP\UART_Handler\UART_Handler_Program.c.o (strcmp)

There are no discarded input sections

Memory Configuration

Name             Origin             Length             Attributes
text             0x00000000         0x00008000         xr
data             0x00800060         0x00000800         rw!x
eeprom           0x00810000         0x00000400         rw!x
fuse             0x00820000         0x00000002         rw!x
lock             0x00830000         0x00000400         rw!x
signature        0x00840000         0x00000400         rw!x
user_signatures  0x00850000         0x00000400         rw!x
*default*        0x00000000         0xffffffff

Linker script and memory map

LOAD C:/avr-toolchain/bin/../lib/gcc/avr/15.1.0/../../../../avr/lib/avr5/crtatmega32.o
LOAD C:\HTI\3rd term mechatronics\NTI\DAY 16\Ebedded Projekt\release\APP\AlarmManager\AlarmManager_Program.c.o
LOAD C:\HTI\3rd term mechatronics\NTI\DAY 16\Ebedded Projekt\release\APP\DataLogger\DataLogger_Program.c.o
LOAD C:\HTI\3rd term mechatronics\NTI\DAY 16\Ebedded Projekt\release\APP\Monitoring\Monitoring_Program.c.o
LOAD C:\HTI\3rd term mechatronics\NTI\DAY 16\Ebedded Projekt\release\APP\UART_Handler\UART_Handler_Program.c.o
LOAD C:\HTI\3rd term mechatronics\NTI\DAY 16\Ebedded Projekt\release\APP\Weather_Controller\Weather_Controller_Program.c.o
LOAD C:\HTI\3rd term mechatronics\NTI\DAY 16\Ebedded Projekt\release\HAL\BUZZER\BUZZER_PROGRAM.c.o
LOAD C:\HTI\3rd term mechatronics\NTI\DAY 16\Ebedded Projekt\release\HAL\EEPROM\EEPROM_Program.c.o
LOAD C:\HTI\3rd term mechatronics\NTI\DAY 16\Ebedded Projekt\release\HAL\LCD\LCD_PROGRAM.c.o
LOAD C:\HTI\3rd term mechatronics\NTI\DAY 16\Ebedded Projekt\release\HAL\LDR\LDR_Program.c.o
LOAD C:\HTI\3rd term mechatronics\NTI\DAY 16\Ebedded Projekt\release\HAL\LED\LED_PROGRAM.c.o
LOAD C:\HTI\3rd term mechatronics\NTI\DAY 16\Ebedded Projekt\release\HAL\LM35\LM35_Program.c.o
LOAD C:\HTI\3rd term mechatronics\NTI\DAY 16\Ebedded Projekt\release\MAIN.c.o
LOAD C:\HTI\3rd term mechatronics\NTI\DAY 16\Ebedded Projekt\release\MCAL\ADC\ADC_PROGRAM.c.o
LOAD C:\HTI\3rd term mechatronics\NTI\DAY 16\Ebedded Projekt\release\MCAL\DIO\DIO_PROGRAM.c.o
LOAD C:\HTI\3rd term mechatronics\NTI\DAY 16\Ebedded Projekt\release\MCAL\EXTI\EXTI_PROGRAME.c.o
LOAD C:\HTI\3rd term mechatronics\NTI\DAY 16\Ebedded Projekt\release\MCAL\GIE\GIE_PROGRAM.c.o
LOAD C:\HTI\3rd term mechatronics\NTI\DAY 16\Ebedded Projekt\release\MCAL\Timer0\Timer0_Program.c.o
LOAD C:\HTI\3rd term mechatronics\NTI\DAY 16\Ebedded Projekt\release\MCAL\UART\UART_PROGRAM.c.o
START GROUP
LOAD C:/avr-toolchain/bin/../lib/gcc/avr/15.1.0/avr5\libgcc.a
LOAD C:/avr-toolchain/bin/../lib/gcc/avr/15.1.0/../../../../avr/lib/avr5\libm.a
LOAD C:/avr-toolchain/bin/../lib/gcc/avr/15.1.0/../../../../avr/lib/avr5\libc.a
LOAD C:/avr-toolchain/bin/../lib/gcc/avr/15.1.0/../../../../avr/lib/avr5\libatmega32.a
END GROUP
                [0x00000000]                      __TEXT_REGION_ORIGIN__ = DEFINED (__TEXT_REGION_ORIGIN__)?__TEXT_REGION_ORIGIN__:0x0
                [0x00008000]                      __TEXT_REGION_LENGTH__ = DEFINED (__TEXT_REGION_LENGTH__)?__TEXT_REGION_LENGTH__:0x20000
                [0x00800060]                      __DATA_REGION_ORIGIN__ = DEFINED (__DATA_REGION_ORIGIN__)?__DATA_REGION_ORIGIN__:0x800060
                [0x00000800]                      __DATA_REGION_LENGTH__ = DEFINED (__DATA_REGION_LENGTH__)?__DATA_REGION_LENGTH__:0xffa0
                [0x00000400]                      __EEPROM_REGION_LENGTH__ = DEFINED (__EEPROM_REGION_LENGTH__)?__EEPROM_REGION_LENGTH__:0x10000
                [0x00000002]                      __FUSE_REGION_LENGTH__ = DEFINED (__FUSE_REGION_LENGTH__)?__FUSE_REGION_LENGTH__:0x400
                0x00000400                        __LOCK_REGION_LENGTH__ = DEFINED (__LOCK_REGION_LENGTH__)?__LOCK_REGION_LENGTH__:0x400
                0x00000400                        __SIGNATURE_REGION_LENGTH__ = DEFINED (__SIGNATURE_REGION_LENGTH__)?__SIGNATURE_REGION_LENGTH__:0x400
                0x00000400                        __USER_SIGNATURE_REGION_LENGTH__ = DEFINED (__USER_SIGNATURE_REGION_LENGTH__)?__USER_SIGNATURE_REGION_LENGTH__:0x400

.hash
 *(.hash)

.dynsym
 *(.dynsym)

.dynstr
 *(.dynstr)

.gnu.version
 *(.gnu.version)

.gnu.version_d
 *(.gnu.version_d)

.gnu.version_r
 *(.gnu.version_r)

.rel.init
 *(.rel.init)

.rela.init
 *(.rela.init)

.rel.text
 *(.rel.text)
 *(.rel.text.*)
 *(.rel.gnu.linkonce.t*)

.rela.text
 *(.rela.text)
 *(.rela.text.*)
 *(.rela.gnu.linkonce.t*)

.rel.fini
 *(.rel.fini)

.rela.fini
 *(.rela.fini)

.rel.rodata
 *(.rel.rodata)
 *(.rel.rodata.*)
 *(.rel.gnu.linkonce.r*)

.rela.rodata
 *(.rela.rodata)
 *(.rela.rodata.*)
 *(.rela.gnu.linkonce.r*)

.rel.data
 *(.rel.data)
 *(.rel.data.*)
 *(.rel.gnu.linkonce.d*)

.rela.data
 *(.rela.data)
 *(.rela.data.*)
 *(.rela.gnu.linkonce.d*)

.rel.ctors
 *(.rel.ctors)

.rela.ctors
 *(.rela.ctors)

.rel.dtors
 *(.rel.dtors)

.rela.dtors
 *(.rela.dtors)

.rel.got
 *(.rel.got)

.rela.got
 *(.rela.got)

.rel.bss
 *(.rel.bss)

.rela.bss
 *(.rela.bss)

.rel.plt
 *(.rel.plt)

.rela.plt
 *(.rela.plt)

.text           0x00000000     0x1456
 *(.vectors)
 .vectors       0x00000000       0x54 C:/avr-toolchain/bin/../lib/gcc/avr/15.1.0/../../../../avr/lib/avr5/crtatmega32.o
                0x00000000                __vector_default
                0x00000000                __vectors
 *(.vectors)
 *(.progmem.gcc*)
                0x00000054                        . = ALIGN (0x2)
                0x00000054                        __trampolines_start = .
 *(.trampolines)
 .trampolines   0x00000054        0x0 linker stubs
 *(.trampolines*)
                0x00000054                        __trampolines_end = .
 *libprintf_flt.a:*(.progmem.data)
 *libc.a:*(.progmem.data)
 *(.progmem.*)
                0x00000054                        . = ALIGN (0x2)
 *(.lowtext)
 *(.lowtext*)
                0x00000054                        __ctors_start = .
 *(.ctors)
                0x00000054                        __ctors_end = .
                0x00000054                        __dtors_start = .
 *(.dtors)
                0x00000054                        __dtors_end = .
 SORT_BY_NAME(*)(.ctors)
 SORT_BY_NAME(*)(.dtors)
 *(.init0)
 .init0         0x00000054        0x0 C:/avr-toolchain/bin/../lib/gcc/avr/15.1.0/../../../../avr/lib/avr5/crtatmega32.o
                0x00000054                __init
 *(.init0)
 *(.init1)
 *(.init1)
 *(.init2)
 .init2         0x00000054        0xc C:/avr-toolchain/bin/../lib/gcc/avr/15.1.0/../../../../avr/lib/avr5/crtatmega32.o
 *(.init2)
 *(.init3)
 *(.init3)
 *(.init4)
 .init4         0x00000060       0x16 C:/avr-toolchain/bin/../lib/gcc/avr/15.1.0/avr5\libgcc.a(_copy_data.o)
                0x00000060                __do_copy_data
 .init4         0x00000076       0x10 C:/avr-toolchain/bin/../lib/gcc/avr/15.1.0/avr5\libgcc.a(_clear_bss.o)
                0x00000076                __do_clear_bss
 *(.init4)
 *(.init5)
 *(.init5)
 *(.init6)
 *(.init6)
 *(.init7)
 *(.init7)
 *(.init8)
 *(.init8)
 *(.init9)
 .init9         0x00000086        0x8 C:/avr-toolchain/bin/../lib/gcc/avr/15.1.0/../../../../avr/lib/avr5/crtatmega32.o
 *(.init9)
 *(.text)
 .text          0x0000008e        0x4 C:/avr-toolchain/bin/../lib/gcc/avr/15.1.0/../../../../avr/lib/avr5/crtatmega32.o
                0x0000008e                __vector_1
                0x0000008e                __vector_12
                0x0000008e                __bad_interrupt
                0x0000008e                __vector_6
                0x0000008e                __vector_3
                0x0000008e                __vector_17
                0x0000008e                __vector_19
                0x0000008e                __vector_7
                0x0000008e                __vector_5
                0x0000008e                __vector_4
                0x0000008e                __vector_9
                0x0000008e                __vector_2
                0x0000008e                __vector_8
                0x0000008e                __vector_16
                0x0000008e                __vector_18
                0x0000008e                __vector_20
 .text          0x00000092       0x46 C:\HTI\3rd term mechatronics\NTI\DAY 16\Ebedded Projekt\release\APP\AlarmManager\AlarmManager_Program.c.o
                0x00000092                AlarmManager_Init
                0x0000009c                AlarmManager_Update
                0x000000d2                AlarmManager_GetStatus
 .text          0x000000d8       0xf4 C:\HTI\3rd term mechatronics\NTI\DAY 16\Ebedded Projekt\release\APP\DataLogger\DataLogger_Program.c.o
                0x000000d8                DataLogger_Init
                0x0000010c                DataLogger_Save
                0x00000188                DataLogger_Read
                0x000001b0                DataLogger_Clear
                0x000001c2                DataLogger_GetRecordsCount
 .text          0x000001cc       0x38 C:\HTI\3rd term mechatronics\NTI\DAY 16\Ebedded Projekt\release\APP\Monitoring\Monitoring_Program.c.o
                0x000001cc                Monitoring_Init
                0x000001d6                Monitoring_Update
                0x000001fa                Monitoring_GetData
 .text          0x00000204      0x1b4 C:\HTI\3rd term mechatronics\NTI\DAY 16\Ebedded Projekt\release\APP\UART_Handler\UART_Handler_Program.c.o
                0x00000204                UARTManager_Init
                0x0000025e                UARTManager_SendCurrentData
                0x00000320                UARTManager_Task
 .text          0x000003b8      0x280 C:\HTI\3rd term mechatronics\NTI\DAY 16\Ebedded Projekt\release\APP\Weather_Controller\Weather_Controller_Program.c.o
                0x000003e0                Timer_Init
                0x00000400                WeatherController_Init
                0x0000047e                WeatherController_Run
 .text          0x00000638       0x28 C:\HTI\3rd term mechatronics\NTI\DAY 16\Ebedded Projekt\release\HAL\BUZZER\BUZZER_PROGRAM.c.o
                0x00000638                BUZZER_Init
                0x0000064c                BUZZER_On
                0x00000656                BUZZER_Off
 .text          0x00000660       0xba C:\HTI\3rd term mechatronics\NTI\DAY 16\Ebedded Projekt\release\HAL\EEPROM\EEPROM_Program.c.o
                0x00000660                EEPROM_WriteByte
                0x0000067c                EEPROM_ReadByte
                0x00000696                EEPROM_WriteBlock
                0x000006e0                EEPROM_ReadBlock
 .text          0x0000071a      0x1b0 C:\HTI\3rd term mechatronics\NTI\DAY 16\Ebedded Projekt\release\HAL\LCD\LCD_PROGRAM.c.o
                0x000007b6                LCD_WriteData
                0x000007c0                LCD_WriteInstruction
                0x000007ca                LCD_Init
                0x0000084c                LCD_WriteString
                0x0000087c                LCD_GotoXY
                0x0000088a                LCD_WriteNumber
 .text          0x000008ca       0x2c C:\HTI\3rd term mechatronics\NTI\DAY 16\Ebedded Projekt\release\HAL\LDR\LDR_Program.c.o
                0x000008ca                LDR_GetRawValue
                0x000008d0                LDR_GetLightPercentage
 .text          0x000008f6       0x6c C:\HTI\3rd term mechatronics\NTI\DAY 16\Ebedded Projekt\release\HAL\LED\LED_PROGRAM.c.o
                0x000008f6                LED_Init
                0x00000912                LED_On
                0x0000092e                LED_Off
                0x0000094a                LED_Toggle
 .text          0x00000962       0x36 C:\HTI\3rd term mechatronics\NTI\DAY 16\Ebedded Projekt\release\HAL\LM35\LM35_Program.c.o
                0x00000962                LM35_GetTemperature
 .text          0x00000998        0x0 C:\HTI\3rd term mechatronics\NTI\DAY 16\Ebedded Projekt\release\MAIN.c.o
 .text          0x00000998       0xb4 C:\HTI\3rd term mechatronics\NTI\DAY 16\Ebedded Projekt\release\MCAL\ADC\ADC_PROGRAM.c.o
                0x00000998                ADC_Init
                0x00000a1c                ADC_Read
 .text          0x00000a4c      0x282 C:\HTI\3rd term mechatronics\NTI\DAY 16\Ebedded Projekt\release\MCAL\DIO\DIO_PROGRAM.c.o
                0x00000a4c                DIO_InitPin
                0x00000b10                DIO_WritePin
                0x00000bd4                DIO_ReadPin
                0x00000c06                DIO_TogglePin
                0x00000c5e                DIO_InitGroup
                0x00000c7e                DIO_WriteGroup
                0x00000c9e                DIO_ReadGroup
 .text          0x00000cce      0x106 C:\HTI\3rd term mechatronics\NTI\DAY 16\Ebedded Projekt\release\MCAL\EXTI\EXTI_PROGRAME.c.o
                0x00000cce                EXTI_Init
                0x00000d88                EXTI_Enable
                0x00000dae                EXTI_Disable
 .text          0x00000dd4       0x10 C:\HTI\3rd term mechatronics\NTI\DAY 16\Ebedded Projekt\release\MCAL\GIE\GIE_PROGRAM.c.o
                0x00000dd4                GIE_Enable
                0x00000ddc                GIE_Disable
 .text          0x00000de4      0x1fc C:\HTI\3rd term mechatronics\NTI\DAY 16\Ebedded Projekt\release\MCAL\Timer0\Timer0_Program.c.o
                0x00000de4                TIMER0_Init
                0x00000eaa                TIMER0_Start
                0x00000eb8                TIMER0_Stop
                0x00000ec0                TIMER0_SetPreload
                0x00000ec4                TIMER0_SetCompare
                0x00000ec8                TIMER0_SetCallBack
                0x00000ef0                TIMER0_SetPWM_DutyCycle
                0x00000f3c                __vector_10
                0x00000f8e                __vector_11
 .text          0x00000fe0      0x3da C:\HTI\3rd term mechatronics\NTI\DAY 16\Ebedded Projekt\release\MCAL\UART\UART_PROGRAM.c.o
                0x00000fe0                UART_Init
                0x00001164                UART_SendBytePolling
                0x00001180                UART_ReceiveBytePolling
                0x000011a4                UART_SendStringPolling
                0x000011d0                UART_ReceiveStringPolling
                0x00001230                UART_SendBufferPolling
                0x00001258                UART_EnableRX
                0x0000125c                UART_EnableTX
                0x00001260                UART_DisableRX
                0x00001264                UART_DisableTX
                0x00001268                UART_SendByteInterrupt
                0x0000126a                UART_EnableRXInterrupt
                0x0000126e                UART_EnableTXInterrupt
                0x00001272                UART_EnableREInterrupt
                0x00001276                UART_DisableRXInterrupt
                0x0000127a                UART_DisableTXInterrupt
                0x0000127e                UART_DisableREInterrupt
                0x00001282                UART_SetRXCallback
                0x00001290                UART_SetTXCallback
                0x0000129e                UART_SetRECallback
                0x000012ac                __vector_13
                0x00001316                __vector_14
                0x00001368                __vector_15
 .text          0x000013ba        0x0 C:/avr-toolchain/bin/../lib/gcc/avr/15.1.0/avr5\libgcc.a(_umulhisi3.o)
 .text          0x000013ba        0x0 C:/avr-toolchain/bin/../lib/gcc/avr/15.1.0/avr5\libgcc.a(_udivmodsi4.o)
 .text          0x000013ba        0x0 C:/avr-toolchain/bin/../lib/gcc/avr/15.1.0/avr5\libgcc.a(_exit.o)
 .text          0x000013ba        0x0 C:/avr-toolchain/bin/../lib/gcc/avr/15.1.0/avr5\libgcc.a(_tablejump2.o)
 .text          0x000013ba        0x0 C:/avr-toolchain/bin/../lib/gcc/avr/15.1.0/avr5\libgcc.a(_copy_data.o)
 .text          0x000013ba        0x0 C:/avr-toolchain/bin/../lib/gcc/avr/15.1.0/avr5\libgcc.a(_clear_bss.o)
 .text          0x000013ba        0x0 C:/avr-toolchain/bin/../lib/gcc/avr/15.1.0/../../../../avr/lib/avr5\libc.a(strcmp.o)
                0x000013ba                        . = ALIGN (0x2)
 *(.text.*)
 .text.startup  0x000013ba        0xa C:\HTI\3rd term mechatronics\NTI\DAY 16\Ebedded Projekt\release\MAIN.c.o
                0x000013ba                main
 .text.libgcc.mul
                0x000013c4       0x1e C:/avr-toolchain/bin/../lib/gcc/avr/15.1.0/avr5\libgcc.a(_umulhisi3.o)
                0x000013c4                __umulhisi3
 .text.libgcc.div
                0x000013e2        0x0 C:/avr-toolchain/bin/../lib/gcc/avr/15.1.0/avr5\libgcc.a(_umulhisi3.o)
 .text.libgcc   0x000013e2        0x0 C:/avr-toolchain/bin/../lib/gcc/avr/15.1.0/avr5\libgcc.a(_umulhisi3.o)
 .text.libgcc.prologue
                0x000013e2        0x0 C:/avr-toolchain/bin/../lib/gcc/avr/15.1.0/avr5\libgcc.a(_umulhisi3.o)
 .text.libgcc.builtins
                0x000013e2        0x0 C:/avr-toolchain/bin/../lib/gcc/avr/15.1.0/avr5\libgcc.a(_umulhisi3.o)
 .text.libgcc.fmul
                0x000013e2        0x0 C:/avr-toolchain/bin/../lib/gcc/avr/15.1.0/avr5\libgcc.a(_umulhisi3.o)
 .text.libgcc.fixed
                0x000013e2        0x0 C:/avr-toolchain/bin/../lib/gcc/avr/15.1.0/avr5\libgcc.a(_umulhisi3.o)
 .text.libgcc.mul
                0x000013e2        0x0 C:/avr-toolchain/bin/../lib/gcc/avr/15.1.0/avr5\libgcc.a(_udivmodsi4.o)
 .text.libgcc.div
                0x000013e2       0x44 C:/avr-toolchain/bin/../lib/gcc/avr/15.1.0/avr5\libgcc.a(_udivmodsi4.o)
                0x000013e2                __udivmodsi4
 .text.libgcc   0x00001426        0x0 C:/avr-toolchain/bin/../lib/gcc/avr/15.1.0/avr5\libgcc.a(_udivmodsi4.o)
 .text.libgcc.prologue
                0x00001426        0x0 C:/avr-toolchain/bin/../lib/gcc/avr/15.1.0/avr5\libgcc.a(_udivmodsi4.o)
 .text.libgcc.builtins
                0x00001426        0x0 C:/avr-toolchain/bin/../lib/gcc/avr/15.1.0/avr5\libgcc.a(_udivmodsi4.o)
 .text.libgcc.fmul
                0x00001426        0x0 C:/avr-toolchain/bin/../lib/gcc/avr/15.1.0/avr5\libgcc.a(_udivmodsi4.o)
 .text.libgcc.fixed
                0x00001426        0x0 C:/avr-toolchain/bin/../lib/gcc/avr/15.1.0/avr5\libgcc.a(_udivmodsi4.o)
 .text.libgcc.mul
                0x00001426        0x0 C:/avr-toolchain/bin/../lib/gcc/avr/15.1.0/avr5\libgcc.a(_exit.o)
 .text.libgcc.div
                0x00001426        0x0 C:/avr-toolchain/bin/../lib/gcc/avr/15.1.0/avr5\libgcc.a(_exit.o)
 .text.libgcc   0x00001426        0x0 C:/avr-toolchain/bin/../lib/gcc/avr/15.1.0/avr5\libgcc.a(_exit.o)
 .text.libgcc.prologue
                0x00001426        0x0 C:/avr-toolchain/bin/../lib/gcc/avr/15.1.0/avr5\libgcc.a(_exit.o)
 .text.libgcc.builtins
                0x00001426        0x0 C:/avr-toolchain/bin/../lib/gcc/avr/15.1.0/avr5\libgcc.a(_exit.o)
 .text.libgcc.fmul
                0x00001426        0x0 C:/avr-toolchain/bin/../lib/gcc/avr/15.1.0/avr5\libgcc.a(_exit.o)
 .text.libgcc.fixed
                0x00001426        0x0 C:/avr-toolchain/bin/../lib/gcc/avr/15.1.0/avr5\libgcc.a(_exit.o)
 .text.libgcc.mul
                0x00001426        0x0 C:/avr-toolchain/bin/../lib/gcc/avr/15.1.0/avr5\libgcc.a(_tablejump2.o)
 .text.libgcc.div
                0x00001426        0x0 C:/avr-toolchain/bin/../lib/gcc/avr/15.1.0/avr5\libgcc.a(_tablejump2.o)
 .text.libgcc   0x00001426        0xc C:/avr-toolchain/bin/../lib/gcc/avr/15.1.0/avr5\libgcc.a(_tablejump2.o)
                0x00001426                __tablejump2__
 .text.libgcc.prologue
                0x00001432        0x0 C:/avr-toolchain/bin/../lib/gcc/avr/15.1.0/avr5\libgcc.a(_tablejump2.o)
 .text.libgcc.builtins
                0x00001432        0x0 C:/avr-toolchain/bin/../lib/gcc/avr/15.1.0/avr5\libgcc.a(_tablejump2.o)
 .text.libgcc.fmul
                0x00001432        0x0 C:/avr-toolchain/bin/../lib/gcc/avr/15.1.0/avr5\libgcc.a(_tablejump2.o)
 .text.libgcc.fixed
                0x00001432        0x0 C:/avr-toolchain/bin/../lib/gcc/avr/15.1.0/avr5\libgcc.a(_tablejump2.o)
 .text.libgcc.mul
                0x00001432        0x0 C:/avr-toolchain/bin/../lib/gcc/avr/15.1.0/avr5\libgcc.a(_copy_data.o)
 .text.libgcc.div
                0x00001432        0x0 C:/avr-toolchain/bin/../lib/gcc/avr/15.1.0/avr5\libgcc.a(_copy_data.o)
 .text.libgcc   0x00001432        0x0 C:/avr-toolchain/bin/../lib/gcc/avr/15.1.0/avr5\libgcc.a(_copy_data.o)
 .text.libgcc.prologue
                0x00001432        0x0 C:/avr-toolchain/bin/../lib/gcc/avr/15.1.0/avr5\libgcc.a(_copy_data.o)
 .text.libgcc.builtins
                0x00001432        0x0 C:/avr-toolchain/bin/../lib/gcc/avr/15.1.0/avr5\libgcc.a(_copy_data.o)
 .text.libgcc.fmul
                0x00001432        0x0 C:/avr-toolchain/bin/../lib/gcc/avr/15.1.0/avr5\libgcc.a(_copy_data.o)
 .text.libgcc.fixed
                0x00001432        0x0 C:/avr-toolchain/bin/../lib/gcc/avr/15.1.0/avr5\libgcc.a(_copy_data.o)
 .text.libgcc.mul
                0x00001432        0x0 C:/avr-toolchain/bin/../lib/gcc/avr/15.1.0/avr5\libgcc.a(_clear_bss.o)
 .text.libgcc.div
                0x00001432        0x0 C:/avr-toolchain/bin/../lib/gcc/avr/15.1.0/avr5\libgcc.a(_clear_bss.o)
 .text.libgcc   0x00001432        0x0 C:/avr-toolchain/bin/../lib/gcc/avr/15.1.0/avr5\libgcc.a(_clear_bss.o)
 .text.libgcc.prologue
                0x00001432        0x0 C:/avr-toolchain/bin/../lib/gcc/avr/15.1.0/avr5\libgcc.a(_clear_bss.o)
 .text.libgcc.builtins
                0x00001432        0x0 C:/avr-toolchain/bin/../lib/gcc/avr/15.1.0/avr5\libgcc.a(_clear_bss.o)
 .text.libgcc.fmul
                0x00001432        0x0 C:/avr-toolchain/bin/../lib/gcc/avr/15.1.0/avr5\libgcc.a(_clear_bss.o)
 .text.libgcc.fixed
                0x00001432        0x0 C:/avr-toolchain/bin/../lib/gcc/avr/15.1.0/avr5\libgcc.a(_clear_bss.o)
 .text.avr-libc
                0x00001432       0x12 C:/avr-toolchain/bin/../lib/gcc/avr/15.1.0/../../../../avr/lib/avr5\libc.a(strcmp.o)
                0x00001432                strcmp
                0x00001444                        . = ALIGN (0x2)
 *(.fini9)
 .fini9         0x00001444        0x0 C:/avr-toolchain/bin/../lib/gcc/avr/15.1.0/avr5\libgcc.a(_exit.o)
                0x00001444                _exit
                0x00001444                exit
 *(.fini9)
 *(.fini8)
 *(.fini8)
 *(.fini7)
 *(.fini7)
 *(.fini6)
 *(.fini6)
 *(.fini5)
 *(.fini5)
 *(.fini4)
 *(.fini4)
 *(.fini3)
 *(.fini3)
 *(.fini2)
 *(.fini2)
 *(.fini1)
 *(.fini1)
 *(.fini0)
 .fini0         0x00001444        0x4 C:/avr-toolchain/bin/../lib/gcc/avr/15.1.0/avr5\libgcc.a(_exit.o)
 *(.fini0)
 *(.hightext)
 *(.hightext*)
 *(.progmemx.*)
                0x00001448                        . = ALIGN (0x2)
 *(.jumptables)
 *(.jumptables*)
 .jumptables.gcc.UART_Init
                0x00001448        0xe C:\HTI\3rd term mechatronics\NTI\DAY 16\Ebedded Projekt\release\MCAL\UART\UART_PROGRAM.c.o
                0x00001456                        _etext = .

.data           0x00800060       0xc4 load address 0x00001456
                0x00800060                        PROVIDE (__data_start = .)
 *(.data)
 .data          0x00800060        0x0 C:/avr-toolchain/bin/../lib/gcc/avr/15.1.0/../../../../avr/lib/avr5/crtatmega32.o
 .data          0x00800060        0x0 C:\HTI\3rd term mechatronics\NTI\DAY 16\Ebedded Projekt\release\APP\AlarmManager\AlarmManager_Program.c.o
 .data          0x00800060        0x0 C:\HTI\3rd term mechatronics\NTI\DAY 16\Ebedded Projekt\release\APP\DataLogger\DataLogger_Program.c.o
 .data          0x00800060        0x0 C:\HTI\3rd term mechatronics\NTI\DAY 16\Ebedded Projekt\release\APP\Monitoring\Monitoring_Program.c.o
 .data          0x00800060        0x0 C:\HTI\3rd term mechatronics\NTI\DAY 16\Ebedded Projekt\release\APP\UART_Handler\UART_Handler_Program.c.o
 .data          0x00800060        0x0 C:\HTI\3rd term mechatronics\NTI\DAY 16\Ebedded Projekt\release\APP\Weather_Controller\Weather_Controller_Program.c.o
 .data          0x00800060        0x0 C:\HTI\3rd term mechatronics\NTI\DAY 16\Ebedded Projekt\release\HAL\BUZZER\BUZZER_PROGRAM.c.o
 .data          0x00800060        0x0 C:\HTI\3rd term mechatronics\NTI\DAY 16\Ebedded Projekt\release\HAL\EEPROM\EEPROM_Program.c.o
 .data          0x00800060        0x0 C:\HTI\3rd term mechatronics\NTI\DAY 16\Ebedded Projekt\release\HAL\LCD\LCD_PROGRAM.c.o
 .data          0x00800060        0x0 C:\HTI\3rd term mechatronics\NTI\DAY 16\Ebedded Projekt\release\HAL\LDR\LDR_Program.c.o
 .data          0x00800060        0x0 C:\HTI\3rd term mechatronics\NTI\DAY 16\Ebedded Projekt\release\HAL\LED\LED_PROGRAM.c.o
 .data          0x00800060        0x0 C:\HTI\3rd term mechatronics\NTI\DAY 16\Ebedded Projekt\release\HAL\LM35\LM35_Program.c.o
 .data          0x00800060        0x0 C:\HTI\3rd term mechatronics\NTI\DAY 16\Ebedded Projekt\release\MAIN.c.o
 .data          0x00800060        0x0 C:\HTI\3rd term mechatronics\NTI\DAY 16\Ebedded Projekt\release\MCAL\ADC\ADC_PROGRAM.c.o
 .data          0x00800060        0x0 C:\HTI\3rd term mechatronics\NTI\DAY 16\Ebedded Projekt\release\MCAL\DIO\DIO_PROGRAM.c.o
 .data          0x00800060        0x0 C:\HTI\3rd term mechatronics\NTI\DAY 16\Ebedded Projekt\release\MCAL\EXTI\EXTI_PROGRAME.c.o
 .data          0x00800060        0x0 C:\HTI\3rd term mechatronics\NTI\DAY 16\Ebedded Projekt\release\MCAL\GIE\GIE_PROGRAM.c.o
 .data          0x00800060        0x0 C:\HTI\3rd term mechatronics\NTI\DAY 16\Ebedded Projekt\release\MCAL\Timer0\Timer0_Program.c.o
 .data          0x00800060        0x0 C:\HTI\3rd term mechatronics\NTI\DAY 16\Ebedded Projekt\release\MCAL\UART\UART_PROGRAM.c.o
 .data          0x00800060        0x0 C:/avr-toolchain/bin/../lib/gcc/avr/15.1.0/avr5\libgcc.a(_umulhisi3.o)
 .data          0x00800060        0x0 C:/avr-toolchain/bin/../lib/gcc/avr/15.1.0/avr5\libgcc.a(_udivmodsi4.o)
 .data          0x00800060        0x0 C:/avr-toolchain/bin/../lib/gcc/avr/15.1.0/avr5\libgcc.a(_exit.o)
 .data          0x00800060        0x0 C:/avr-toolchain/bin/../lib/gcc/avr/15.1.0/avr5\libgcc.a(_tablejump2.o)
 .data          0x00800060        0x0 C:/avr-toolchain/bin/../lib/gcc/avr/15.1.0/avr5\libgcc.a(_copy_data.o)
 .data          0x00800060        0x0 C:/avr-toolchain/bin/../lib/gcc/avr/15.1.0/avr5\libgcc.a(_clear_bss.o)
 .data          0x00800060        0x0 C:/avr-toolchain/bin/../lib/gcc/avr/15.1.0/../../../../avr/lib/avr5\libc.a(strcmp.o)
 *(.data*)
 *(.gnu.linkonce.d*)
 *(.rodata)
 *(.rodata*)
 .rodata.str1.1
                0x00800060       0xc3 C:\HTI\3rd term mechatronics\NTI\DAY 16\Ebedded Projekt\release\APP\UART_Handler\UART_Handler_Program.c.o
                                 0x8f (size before relaxing)
 .rodata.str1.1
                0x00800123       0x34 C:\HTI\3rd term mechatronics\NTI\DAY 16\Ebedded Projekt\release\APP\Weather_Controller\Weather_Controller_Program.c.o
 *(.gnu.linkonce.r*)
                0x00800158                        . = ALIGN (0x2)
 *fill*         0x00800123        0x1 
                0x00800124                        _edata = .
                0x00800124                        PROVIDE (__data_end = .)

.bss            0x00800124       0x4e
                0x00800124                        PROVIDE (__bss_start = .)
 *(.bss)
 .bss           0x00800124        0x0 C:/avr-toolchain/bin/../lib/gcc/avr/15.1.0/../../../../avr/lib/avr5/crtatmega32.o
 .bss           0x00800124        0x1 C:\HTI\3rd term mechatronics\NTI\DAY 16\Ebedded Projekt\release\APP\AlarmManager\AlarmManager_Program.c.o
 .bss           0x00800125        0x2 C:\HTI\3rd term mechatronics\NTI\DAY 16\Ebedded Projekt\release\APP\DataLogger\DataLogger_Program.c.o
 .bss           0x00800127        0x2 C:\HTI\3rd term mechatronics\NTI\DAY 16\Ebedded Projekt\release\APP\Monitoring\Monitoring_Program.c.o
 .bss           0x00800129       0x20 C:\HTI\3rd term mechatronics\NTI\DAY 16\Ebedded Projekt\release\APP\UART_Handler\UART_Handler_Program.c.o
 .bss           0x00800149       0x13 C:\HTI\3rd term mechatronics\NTI\DAY 16\Ebedded Projekt\release\APP\Weather_Controller\Weather_Controller_Program.c.o
 .bss           0x0080015c        0x0 C:\HTI\3rd term mechatronics\NTI\DAY 16\Ebedded Projekt\release\HAL\BUZZER\BUZZER_PROGRAM.c.o
 .bss           0x0080015c        0x0 C:\HTI\3rd term mechatronics\NTI\DAY 16\Ebedded Projekt\release\HAL\EEPROM\EEPROM_Program.c.o
 .bss           0x0080015c        0x0 C:\HTI\3rd term mechatronics\NTI\DAY 16\Ebedded Projekt\release\HAL\LCD\LCD_PROGRAM.c.o
 .bss           0x0080015c        0x0 C:\HTI\3rd term mechatronics\NTI\DAY 16\Ebedded Projekt\release\HAL\LDR\LDR_Program.c.o
 .bss           0x0080015c        0x0 C:\HTI\3rd term mechatronics\NTI\DAY 16\Ebedded Projekt\release\HAL\LED\LED_PROGRAM.c.o
 .bss           0x0080015c        0x0 C:\HTI\3rd term mechatronics\NTI\DAY 16\Ebedded Projekt\release\HAL\LM35\LM35_Program.c.o
 .bss           0x0080015c        0x0 C:\HTI\3rd term mechatronics\NTI\DAY 16\Ebedded Projekt\release\MAIN.c.o
 .bss           0x0080015c        0x0 C:\HTI\3rd term mechatronics\NTI\DAY 16\Ebedded Projekt\release\MCAL\ADC\ADC_PROGRAM.c.o
 .bss           0x0080015c        0x0 C:\HTI\3rd term mechatronics\NTI\DAY 16\Ebedded Projekt\release\MCAL\DIO\DIO_PROGRAM.c.o
 .bss           0x0080015c        0x0 C:\HTI\3rd term mechatronics\NTI\DAY 16\Ebedded Projekt\release\MCAL\EXTI\EXTI_PROGRAME.c.o
 .bss           0x0080015c        0x0 C:\HTI\3rd term mechatronics\NTI\DAY 16\Ebedded Projekt\release\MCAL\GIE\GIE_PROGRAM.c.o
 .bss           0x0080015c        0x5 C:\HTI\3rd term mechatronics\NTI\DAY 16\Ebedded Projekt\release\MCAL\Timer0\Timer0_Program.c.o
 .bss           0x00800161       0x11 C:\HTI\3rd term mechatronics\NTI\DAY 16\Ebedded Projekt\release\MCAL\UART\UART_PROGRAM.c.o
 .bss           0x00800172        0x0 C:/avr-toolchain/bin/../lib/gcc/avr/15.1.0/avr5\libgcc.a(_umulhisi3.o)
 .bss           0x00800172        0x0 C:/avr-toolchain/bin/../lib/gcc/avr/15.1.0/avr5\libgcc.a(_udivmodsi4.o)
 .bss           0x00800172        0x0 C:/avr-toolchain/bin/../lib/gcc/avr/15.1.0/avr5\libgcc.a(_exit.o)
 .bss           0x00800172        0x0 C:/avr-toolchain/bin/../lib/gcc/avr/15.1.0/avr5\libgcc.a(_tablejump2.o)
 .bss           0x00800172        0x0 C:/avr-toolchain/bin/../lib/gcc/avr/15.1.0/avr5\libgcc.a(_copy_data.o)
 .bss           0x00800172        0x0 C:/avr-toolchain/bin/../lib/gcc/avr/15.1.0/avr5\libgcc.a(_clear_bss.o)
 .bss           0x00800172        0x0 C:/avr-toolchain/bin/../lib/gcc/avr/15.1.0/../../../../avr/lib/avr5\libc.a(strcmp.o)
 *(.bss*)
 *(COMMON)
                0x00800172                        PROVIDE (__bss_end = .)
                0x00001456                        __data_load_start = LOADADDR (.data)
                0x0000151a                        __data_load_end = (__data_load_start + SIZEOF (.data))

.noinit         0x00800172        0x0
                [!provide]                        PROVIDE (__noinit_start = .)
 *(.noinit .noinit.* .gnu.linkonce.n.*)
                [!provide]                        PROVIDE (__noinit_end = .)
                0x00800172                        _end = .
                [!provide]                        PROVIDE (__heap_start = .)
                0x00000000                        __flmap_init_label = DEFINED (__flmap_noinit_start)?__flmap_noinit_start:0x0
                0x00000000                        __flmap = DEFINED (__flmap)?__flmap:0x0

.eeprom         0x00810000        0x0
 *(.eeprom*)
                0x00810000                        __eeprom_end = .

.fuse
 *(.fuse)
 *(.lfuse)
 *(.hfuse)
 *(.efuse)

.lock
 *(.lock*)

.signature
 *(.signature*)

.stab
 *(.stab)

.stabstr
 *(.stabstr)

.stab.excl
 *(.stab.excl)

.stab.exclstr
 *(.stab.exclstr)

.stab.index
 *(.stab.index)

.stab.indexstr
 *(.stab.indexstr)

.comment        0x00000000       0x2f
 *(.comment)
 .comment       0x00000000       0x2f C:\HTI\3rd term mechatronics\NTI\DAY 16\Ebedded Projekt\release\APP\AlarmManager\AlarmManager_Program.c.o
                                 0x30 (size before relaxing)
 .comment       0x0000002f       0x30 C:\HTI\3rd term mechatronics\NTI\DAY 16\Ebedded Projekt\release\APP\DataLogger\DataLogger_Program.c.o
 .comment       0x0000002f       0x30 C:\HTI\3rd term mechatronics\NTI\DAY 16\Ebedded Projekt\release\APP\Monitoring\Monitoring_Program.c.o
 .comment       0x0000002f       0x30 C:\HTI\3rd term mechatronics\NTI\DAY 16\Ebedded Projekt\release\APP\UART_Handler\UART_Handler_Program.c.o
 .comment       0x0000002f       0x30 C:\HTI\3rd term mechatronics\NTI\DAY 16\Ebedded Projekt\release\APP\Weather_Controller\Weather_Controller_Program.c.o
 .comment       0x0000002f       0x30 C:\HTI\3rd term mechatronics\NTI\DAY 16\Ebedded Projekt\release\HAL\BUZZER\BUZZER_PROGRAM.c.o
 .comment       0x0000002f       0x30 C:\HTI\3rd term mechatronics\NTI\DAY 16\Ebedded Projekt\release\HAL\EEPROM\EEPROM_Program.c.o
 .comment       0x0000002f       0x30 C:\HTI\3rd term mechatronics\NTI\DAY 16\Ebedded Projekt\release\HAL\LCD\LCD_PROGRAM.c.o
 .comment       0x0000002f       0x30 C:\HTI\3rd term mechatronics\NTI\DAY 16\Ebedded Projekt\release\HAL\LDR\LDR_Program.c.o
 .comment       0x0000002f       0x30 C:\HTI\3rd term mechatronics\NTI\DAY 16\Ebedded Projekt\release\HAL\LED\LED_PROGRAM.c.o
 .comment       0x0000002f       0x30 C:\HTI\3rd term mechatronics\NTI\DAY 16\Ebedded Projekt\release\HAL\LM35\LM35_Program.c.o
 .comment       0x0000002f       0x30 C:\HTI\3rd term mechatronics\NTI\DAY 16\Ebedded Projekt\release\MAIN.c.o
 .comment       0x0000002f       0x30 C:\HTI\3rd term mechatronics\NTI\DAY 16\Ebedded Projekt\release\MCAL\ADC\ADC_PROGRAM.c.o
 .comment       0x0000002f       0x30 C:\HTI\3rd term mechatronics\NTI\DAY 16\Ebedded Projekt\release\MCAL\DIO\DIO_PROGRAM.c.o
 .comment       0x0000002f       0x30 C:\HTI\3rd term mechatronics\NTI\DAY 16\Ebedded Projekt\release\MCAL\EXTI\EXTI_PROGRAME.c.o
 .comment       0x0000002f       0x30 C:\HTI\3rd term mechatronics\NTI\DAY 16\Ebedded Projekt\release\MCAL\GIE\GIE_PROGRAM.c.o
 .comment       0x0000002f       0x30 C:\HTI\3rd term mechatronics\NTI\DAY 16\Ebedded Projekt\release\MCAL\Timer0\Timer0_Program.c.o
 .comment       0x0000002f       0x30 C:\HTI\3rd term mechatronics\NTI\DAY 16\Ebedded Projekt\release\MCAL\UART\UART_PROGRAM.c.o

.note.gnu.avr.deviceinfo
                0x00000000       0x3c
 .note.gnu.avr.deviceinfo
                0x00000000       0x3c C:/avr-toolchain/bin/../lib/gcc/avr/15.1.0/../../../../avr/lib/avr5/crtatmega32.o

.gnu.build.attributes
 *(.gnu.build.attributes .gnu.build.attributes.*)

.note.gnu.build-id
 *(.note.gnu.build-id)

.debug
 *(.debug)

.line
 *(.line)

.debug_srcinfo
 *(.debug_srcinfo)

.debug_sfnames
 *(.debug_sfnames)

.debug_aranges
 *(.debug_aranges)

.debug_pubnames
 *(.debug_pubnames)

.debug_info     0x00000000      0x4e6
 *(.debug_info .gnu.linkonce.wi.*)
 .debug_info    0x00000000      0x4e6 C:/avr-toolchain/bin/../lib/gcc/avr/15.1.0/../../../../avr/lib/avr5/crtatmega32.o

.debug_abbrev   0x00000000      0x4a3
 *(.debug_abbrev)
 .debug_abbrev  0x00000000      0x4a3 C:/avr-toolchain/bin/../lib/gcc/avr/15.1.0/../../../../avr/lib/avr5/crtatmega32.o

.debug_line     0x00000000       0x1d
 *(.debug_line .debug_line.* .debug_line_end)
 .debug_line    0x00000000       0x1d C:/avr-toolchain/bin/../lib/gcc/avr/15.1.0/../../../../avr/lib/avr5/crtatmega32.o

.debug_frame
 *(.debug_frame)

.debug_str      0x00000000      0x196
 *(.debug_str)
 .debug_str     0x00000000      0x196 C:/avr-toolchain/bin/../lib/gcc/avr/15.1.0/../../../../avr/lib/avr5/crtatmega32.o

.debug_loc
 *(.debug_loc)

.debug_macinfo
 *(.debug_macinfo)

.debug_weaknames
 *(.debug_weaknames)

.debug_funcnames
 *(.debug_funcnames)

.debug_typenames
 *(.debug_typenames)

.debug_varnames
 *(.debug_varnames)

.debug_pubtypes
 *(.debug_pubtypes)

.debug_ranges
 *(.debug_ranges)

.debug_addr
 *(.debug_addr)

.debug_line_str
 *(.debug_line_str)

.debug_loclists
 *(.debug_loclists)

.debug_macro
 *(.debug_macro)

.debug_names
 *(.debug_names)

.debug_rnglists
 *(.debug_rnglists)

.debug_str_offsets
 *(.debug_str_offsets)

.debug_sup
 *(.debug_sup)
OUTPUT(C:\HTI\3rd term mechatronics\NTI\DAY 16\Ebedded Projekt\release\firmware.elf elf32-avr)
LOAD linker stubs
